// Jest Snapshot v1, https://goo.gl/fbAQLP

exports[`Should render ExpenseList Item 1`] = `
<Link
  to="/edit/1"
>
  <div
    className="list-item"
  >
    <div>
      <h3>
        Gum
      </h3>
      <span
        className="list-item__date"
      >
        1st January 1970
      </span>
    </div>
    <div>
      <h3
        className="list-item__price"
      >
        Rs
        10.00
      </h3>
    </div>
  </div>
</Link>
`;
