// Jest Snapshot v1, https://goo.gl/fbAQLP

exports[`Render header for the app 1`] = `
<header>
  <div
    className="container"
  >
    <div
      className="header__container"
    >
      <Link
        className="header__title"
        to="/dashboard"
      >
        <h1>
          Expensify
        </h1>
      </Link>
      <button
        className="header__button"
      >
        Logout
      </button>
    </div>
  </div>
</header>
`;
