// Jest Snapshot v1, https://goo.gl/fbAQLP

exports[`Render login page on the screen 1`] = `
<div
  className="box-layout"
>
  <div
    className="box-layout__modal"
  >
    <h1>
      Expensify App
    </h1>
    <p>
      It's time to get your expenses under control
    </p>
    <button
      className="button"
    >
      Login with Google
    </button>
  </div>
</div>
`;
